2025-10-01T04:38:51Z|startup|ok
2025-10-01T04:39:17Z|startup|ok
2025-10-01T04:51:43Z|startup|ok
2025-10-01T04:52:03Z|startup|ok
2025-10-01T04:52:03Z|gfx|init_begin
2025-10-01T04:52:03Z|gfx_ok|vao_rect|vao=1
2025-10-01T04:52:03Z|gfx_ok|vao_circle|vao=2|verts=52
2025-10-01T04:52:03Z|gfx_ok|vao_bg|vao=3
2025-10-01T04:52:03Z|gfx_ok|texture_load|../../assets/Textures\boss.png|w=200|h=200|ch=4
2025-10-01T04:52:03Z|gfx_ok|texture_load|../../assets/Textures\check.png|w=1200|h=1200|ch=3
2025-10-01T04:52:04Z|gfx_ok|texture_load|../../assets/Textures\house.jpg|w=1280|h=720|ch=3
2025-10-01T04:52:04Z|gfx_ok|texture_load|../../assets/Textures\player.png|w=200|h=200|ch=4
2025-10-01T04:52:04Z|gfx_ok|bg_texture|house
2025-10-01T04:52:04Z|gfx_ok|compile_vs|ok
2025-10-01T04:52:04Z|gfx_ok|compile_fs|ok
2025-10-01T04:52:04Z|gfx_ok|link_program|program=3
2025-10-01T04:52:04Z|gfx_ok|validate_program|program=3
2025-10-01T04:52:04Z|gfx_ok|compile_vs|ok
2025-10-01T04:52:04Z|gfx_ok|compile_fs|ok
2025-10-01T04:52:04Z|gfx_ok|link_program|program=6
2025-10-01T04:52:04Z|gfx_ok|validate_program|program=6
2025-10-01T04:52:04Z|gfx_ok|compile_vs|ok
2025-10-01T04:52:04Z|gfx_ok|compile_fs|ok
2025-10-01T04:52:04Z|gfx_ok|link_program|program=9
2025-10-01T04:52:04Z|gfx_ok|validate_program|program=9
2025-10-01T04:52:04Z|gfx_ok|vao_sprite|vao=4
2025-10-01T04:52:04Z|gfx_ok|init_done|ok
2025-10-01T04:52:04Z|gfx_ok|gl_vendor|Intel
2025-10-01T04:52:04Z|gfx_ok|gl_renderer|Intel(R) Arc(TM) Graphics
2025-10-01T04:52:04Z|gfx_ok|gl_version|4.5.0 - Build 32.0.101.6314
2025-10-01T04:52:04Z|gfx_ok|bg_tex_info|w=1280|h=720|ifmt=6407
2025-10-01T04:52:04Z|gfx_ok|diag_done|ok
2025-10-01T04:52:04Z|gfx_ok|texture_load|../../assets/Textures/player.png|w=200|h=200|ch=4
2025-10-01T04:58:47Z|startup|ok
2025-10-01T04:58:48Z|gfx|init_begin
2025-10-01T04:58:48Z|gfx_ok|vao_rect|vao=1
2025-10-01T04:58:48Z|gfx_ok|vao_circle|vao=2|verts=52
2025-10-01T04:58:48Z|gfx_ok|vao_bg|vao=3
2025-10-01T04:58:48Z|gfx_ok|texture_load|../../assets/Textures\boss.png|w=200|h=200|ch=4
2025-10-01T04:58:48Z|gfx_ok|texture_load|../../assets/Textures\check.png|w=1200|h=1200|ch=3
2025-10-01T04:58:48Z|gfx_ok|texture_load|../../assets/Textures\house.jpg|w=1280|h=720|ch=3
2025-10-01T04:58:48Z|gfx_ok|texture_load|../../assets/Textures\player.png|w=200|h=200|ch=4
2025-10-01T04:58:48Z|gfx_ok|bg_texture|house
2025-10-01T04:58:48Z|gfx_ok|compile_vs|ok
2025-10-01T04:58:48Z|gfx_ok|compile_fs|ok
2025-10-01T04:58:48Z|gfx_ok|link_program|program=3
2025-10-01T04:58:48Z|gfx_ok|validate_program|program=3
2025-10-01T04:58:48Z|gfx_ok|compile_vs|ok
2025-10-01T04:58:48Z|gfx_ok|compile_fs|ok
2025-10-01T04:58:48Z|gfx_ok|link_program|program=6
2025-10-01T04:58:48Z|gfx_ok|validate_program|program=6
2025-10-01T04:58:48Z|gfx_ok|compile_vs|ok
2025-10-01T04:58:48Z|gfx_ok|compile_fs|ok
2025-10-01T04:58:48Z|gfx_ok|link_program|program=9
2025-10-01T04:58:48Z|gfx_ok|validate_program|program=9
2025-10-01T04:58:48Z|gfx_ok|vao_sprite|vao=4
2025-10-01T04:58:48Z|gfx_ok|init_done|ok
2025-10-01T04:58:48Z|gfx_ok|gl_vendor|Intel
2025-10-01T04:58:48Z|gfx_ok|gl_renderer|Intel(R) Arc(TM) Graphics
2025-10-01T04:58:48Z|gfx_ok|gl_version|4.5.0 - Build 32.0.101.6314
2025-10-01T04:58:48Z|gfx_ok|bg_tex_info|w=1280|h=720|ifmt=6407
2025-10-01T04:58:48Z|gfx_ok|diag_done|ok
2025-10-01T04:58:48Z|gfx_ok|texture_load|../../assets/Textures/player.png|w=200|h=200|ch=4
2025-10-01T04:59:16Z|gfx_ok|cleanup|done
2025-10-01T04:59:37Z|startup|ok
2025-10-01T04:59:37Z|gfx|init_begin
2025-10-01T04:59:37Z|gfx_ok|vao_rect|vao=1
2025-10-01T04:59:37Z|gfx_ok|vao_circle|vao=2|verts=52
2025-10-01T04:59:37Z|gfx_ok|vao_bg|vao=3
2025-10-01T04:59:37Z|gfx_ok|texture_load|../../assets/Textures\boss.png|w=200|h=200|ch=4
2025-10-01T04:59:37Z|gfx_ok|texture_load|../../assets/Textures\check.png|w=1200|h=1200|ch=3
2025-10-01T04:59:37Z|gfx_ok|texture_load|../../assets/Textures\house.jpg|w=1280|h=720|ch=3
2025-10-01T04:59:37Z|gfx_ok|texture_load|../../assets/Textures\player.png|w=200|h=200|ch=4
2025-10-01T04:59:37Z|gfx_ok|bg_texture|house
2025-10-01T04:59:37Z|gfx_ok|compile_vs|ok
2025-10-01T04:59:37Z|gfx_ok|compile_fs|ok
2025-10-01T04:59:37Z|gfx_ok|link_program|program=3
2025-10-01T04:59:37Z|gfx_ok|validate_program|program=3
2025-10-01T04:59:37Z|gfx_ok|compile_vs|ok
2025-10-01T04:59:37Z|gfx_ok|compile_fs|ok
2025-10-01T04:59:37Z|gfx_ok|link_program|program=6
2025-10-01T04:59:37Z|gfx_ok|validate_program|program=6
2025-10-01T04:59:37Z|gfx_ok|compile_vs|ok
2025-10-01T04:59:37Z|gfx_ok|compile_fs|ok
2025-10-01T04:59:37Z|gfx_ok|link_program|program=9
2025-10-01T04:59:37Z|gfx_ok|validate_program|program=9
2025-10-01T04:59:37Z|gfx_ok|vao_sprite|vao=4
2025-10-01T04:59:37Z|gfx_ok|init_done|ok
2025-10-01T04:59:37Z|gfx_ok|gl_vendor|Intel
2025-10-01T04:59:37Z|gfx_ok|gl_renderer|Intel(R) Arc(TM) Graphics
2025-10-01T04:59:37Z|gfx_ok|gl_version|4.5.0 - Build 32.0.101.6314
2025-10-01T04:59:37Z|gfx_ok|bg_tex_info|w=1280|h=720|ifmt=6407
2025-10-01T04:59:37Z|gfx_ok|diag_done|ok
2025-10-01T04:59:37Z|gfx_ok|texture_load|../../assets/Textures/player.png|w=200|h=200|ch=4
2025-10-01T05:00:46Z|startup|ok
2025-10-01T05:09:52Z|startup|ok
2025-10-01T05:09:59Z|std::exception|mygame::draw|renderBackground|uniform_missing|backgroundTex
2025-10-01T05:09:59Z|std_terminate|
2025-10-01T05:10:42Z|startup|ok
2025-10-01T05:53:00Z|startup|ok
2025-10-01T05:53:12Z|std::exception|mygame::draw|renderBackground|uniform_missing|backgroundTex
2025-10-01T05:53:32Z|startup|ok
2025-10-01T05:54:12Z|startup|ok
2025-10-01T05:54:34Z|startup|ok
2025-10-01T05:55:01Z|startup|ok
2025-10-01T05:55:12Z|startup|ok
2025-10-01T05:55:49Z|startup|ok
2025-10-01T05:56:16Z|startup|ok
2025-10-01T05:57:02Z|startup|ok
2025-10-01T05:44:35Z|startup|ok
2025-10-01T05:49:38Z|startup|ok
2025-10-01T06:17:58Z|startup|ok
2025-10-01T06:38:04Z|startup|ok
2025-10-01T07:41:11Z|startup|ok
2025-10-01T07:42:53Z|startup|ok
2025-10-01T07:44:45Z|startup|ok
2025-10-01T07:50:34Z|startup|ok
2025-10-01T12:25:27Z|startup|ok
2025-10-01T14:09:14Z|startup|ok
2025-10-01T14:18:52Z|startup|ok
2025-10-01T14:19:36Z|startup|ok
2025-10-01T14:34:05Z|startup|ok
2025-10-01T14:34:24Z|startup|ok
2025-10-02T04:56:08Z|startup|ok
2025-10-02T04:58:34Z|startup|ok
2025-10-02T04:59:06Z|startup|ok
