  Checking File Globs
  -- GLOB mismatch!
  -- GLOB mismatch!
  1>Checking Build System
  CMake is re-running because C:/Users/justin/source/csd2401f25_team_sofasqud/build/CMakeFiles/generate.stamp is out-of-date.
    the file 'C:/Users/justin/source/csd2401f25_team_sofasqud/build/CMakeFiles/cmake.verify_globs'
    is newer than 'C:/Users/justin/source/csd2401f25_team_sofasqud/build/CMakeFiles/generate.stamp.depend'
    result='-1'
  -- Selecting Windows SDK version 10.0.22621.0 to target Windows 10.0.26100.
  Cloning into 'glfw-src'...
  HEAD is now at 7482de60 Documentation work
  -- Using Win32 for window creation
  CMake Deprecation Warning at build/_deps/glm-src/CMakeLists.txt:1 (cmake_minimum_required):
    Compatibility with CMake < 3.10 will be removed from a future version of
    CMake.
  
    Update the VERSION argument <min> value.  Or, use the <min>...<max> syntax
    to tell CMake that the project requires at least <min> but has been updated
    to work with policies introduced by <max> or earlier.
  
  
  CMake Deprecation Warning at build/_deps/glm-src/CMakeLists.txt:2 (cmake_policy):
    Compatibility with CMake < 3.10 will be removed from a future version of
    CMake.
  
    Update the VERSION argument <min> value.  Or, use the <min>...<max> syntax
    to tell CMake that the project requires at least <min> but has been updated
    to work with policies introduced by <max> or earlier.
  
  
  -- GLM: Version 1.0.1
  -- GLM: Build with C++ features auto detection
  -- Configuring done (12.7s)
  -- Generating done (1.9s)
  -- Build files have been written to: C:/Users/justin/source/csd2401f25_team_sofasqud/build
